Collecting accelerate==1.12.0 (from -r requirements.txt (line 1))
  Downloading accelerate-1.12.0-py3-none-any.whl.metadata (19 kB)
Collecting aiohappyeyeballs==2.6.1 (from -r requirements.txt (line 2))
  Downloading aiohappyeyeballs-2.6.1-py3-none-any.whl.metadata (5.9 kB)
Collecting aiohttp==3.13.3 (from -r requirements.txt (line 3))
  Downloading aiohttp-3.13.3-cp311-cp311-manylinux2014_aarch64.manylinux_2_17_aarch64.manylinux_2_28_aarch64.whl.metadata (8.1 kB)
Collecting aiosignal==1.4.0 (from -r requirements.txt (line 4))
  Downloading aiosignal-1.4.0-py3-none-any.whl.metadata (3.7 kB)
Collecting annotated-types==0.7.0 (from -r requirements.txt (line 5))
  Downloading annotated_types-0.7.0-py3-none-any.whl.metadata (15 kB)
Collecting anyio==4.12.1 (from -r requirements.txt (line 6))
  Downloading anyio-4.12.1-py3-none-any.whl.metadata (4.3 kB)
Collecting attrs==25.4.0 (from -r requirements.txt (line 7))
  Downloading attrs-25.4.0-py3-none-any.whl.metadata (10 kB)
Collecting certifi==2026.1.4 (from -r requirements.txt (line 8))
  Downloading certifi-2026.1.4-py3-none-any.whl.metadata (2.5 kB)
Collecting charset-normalizer==3.4.4 (from -r requirements.txt (line 9))
  Downloading charset_normalizer-3.4.4-cp311-cp311-manylinux2014_aarch64.manylinux_2_17_aarch64.manylinux_2_28_aarch64.whl.metadata (37 kB)
Collecting click==8.3.1 (from -r requirements.txt (line 10))
  Downloading click-8.3.1-py3-none-any.whl.metadata (2.6 kB)
Collecting cuda-bindings==12.9.4 (from -r requirements.txt (line 11))
  Downloading cuda_bindings-12.9.4-cp311-cp311-manylinux_2_24_aarch64.manylinux_2_28_aarch64.whl.metadata (2.6 kB)
Collecting cuda-pathfinder==1.3.3 (from -r requirements.txt (line 12))
  Downloading cuda_pathfinder-1.3.3-py3-none-any.whl.metadata (1.9 kB)
Collecting datasets==4.5.0 (from -r requirements.txt (line 13))
  Downloading datasets-4.5.0-py3-none-any.whl.metadata (19 kB)
Collecting diffusers==0.36.0 (from -r requirements.txt (line 14))
  Downloading diffusers-0.36.0-py3-none-any.whl.metadata (20 kB)
Collecting dill==0.4.0 (from -r requirements.txt (line 15))
  Downloading dill-0.4.0-py3-none-any.whl.metadata (10 kB)
Collecting einops==0.8.2 (from -r requirements.txt (line 16))
  Downloading einops-0.8.2-py3-none-any.whl.metadata (13 kB)
Collecting filelock==3.20.3 (from -r requirements.txt (line 17))
  Downloading filelock-3.20.3-py3-none-any.whl.metadata (2.1 kB)
Collecting frozenlist==1.8.0 (from -r requirements.txt (line 18))
  Downloading frozenlist-1.8.0-cp311-cp311-manylinux2014_aarch64.manylinux_2_17_aarch64.manylinux_2_28_aarch64.whl.metadata (20 kB)
Collecting fsspec==2025.10.0 (from -r requirements.txt (line 19))
  Downloading fsspec-2025.10.0-py3-none-any.whl.metadata (10 kB)
Collecting gitdb==4.0.12 (from -r requirements.txt (line 20))
  Downloading gitdb-4.0.12-py3-none-any.whl.metadata (1.2 kB)
Collecting GitPython==3.1.46 (from -r requirements.txt (line 21))
  Downloading gitpython-3.1.46-py3-none-any.whl.metadata (13 kB)
Collecting h11==0.16.0 (from -r requirements.txt (line 22))
  Downloading h11-0.16.0-py3-none-any.whl.metadata (8.3 kB)
Collecting hf-xet==1.2.0 (from -r requirements.txt (line 23))
  Downloading hf_xet-1.2.0-cp37-abi3-manylinux_2_28_aarch64.whl.metadata (4.9 kB)
Collecting httpcore==1.0.9 (from -r requirements.txt (line 24))
  Downloading httpcore-1.0.9-py3-none-any.whl.metadata (21 kB)
Collecting httpx==0.28.1 (from -r requirements.txt (line 25))
  Downloading httpx-0.28.1-py3-none-any.whl.metadata (7.1 kB)
Collecting huggingface_hub==1.4.1 (from -r requirements.txt (line 26))
  Downloading huggingface_hub-1.4.1-py3-none-any.whl.metadata (13 kB)
Collecting idna==3.11 (from -r requirements.txt (line 27))
  Downloading idna-3.11-py3-none-any.whl.metadata (8.4 kB)
Collecting importlib_metadata==8.7.1 (from -r requirements.txt (line 28))
  Downloading importlib_metadata-8.7.1-py3-none-any.whl.metadata (4.7 kB)
Collecting Jinja2==3.1.6 (from -r requirements.txt (line 29))
  Downloading jinja2-3.1.6-py3-none-any.whl.metadata (2.9 kB)
Collecting MarkupSafe==3.0.3 (from -r requirements.txt (line 30))
  Downloading markupsafe-3.0.3-cp311-cp311-manylinux2014_aarch64.manylinux_2_17_aarch64.manylinux_2_28_aarch64.whl.metadata (2.7 kB)
Collecting mpmath==1.3.0 (from -r requirements.txt (line 31))
  Downloading mpmath-1.3.0-py3-none-any.whl.metadata (8.6 kB)
Collecting multidict==6.7.1 (from -r requirements.txt (line 32))
  Downloading multidict-6.7.1-cp311-cp311-manylinux2014_aarch64.manylinux_2_17_aarch64.manylinux_2_28_aarch64.whl.metadata (5.3 kB)
Collecting multiprocess==0.70.18 (from -r requirements.txt (line 33))
  Downloading multiprocess-0.70.18-py311-none-any.whl.metadata (7.5 kB)
Collecting networkx==3.6.1 (from -r requirements.txt (line 34))
  Downloading networkx-3.6.1-py3-none-any.whl.metadata (6.8 kB)
Collecting numpy==2.4.2 (from -r requirements.txt (line 35))
  Downloading numpy-2.4.2-cp311-cp311-manylinux_2_27_aarch64.manylinux_2_28_aarch64.whl.metadata (6.6 kB)
Collecting nvidia-cublas-cu12==12.8.4.1 (from -r requirements.txt (line 36))
  Downloading nvidia_cublas_cu12-12.8.4.1-py3-none-manylinux_2_27_aarch64.whl.metadata (1.7 kB)
Collecting nvidia-cuda-cupti-cu12==12.8.90 (from -r requirements.txt (line 37))
  Downloading nvidia_cuda_cupti_cu12-12.8.90-py3-none-manylinux2014_aarch64.manylinux_2_17_aarch64.whl.metadata (1.7 kB)
Collecting nvidia-cuda-nvrtc-cu12==12.8.93 (from -r requirements.txt (line 38))
  Downloading nvidia_cuda_nvrtc_cu12-12.8.93-py3-none-manylinux2014_aarch64.manylinux_2_17_aarch64.whl.metadata (1.7 kB)
Collecting nvidia-cuda-runtime-cu12==12.8.90 (from -r requirements.txt (line 39))
  Downloading nvidia_cuda_runtime_cu12-12.8.90-py3-none-manylinux2014_aarch64.manylinux_2_17_aarch64.whl.metadata (1.7 kB)
Collecting nvidia-cudnn-cu12==9.10.2.21 (from -r requirements.txt (line 40))
  Downloading nvidia_cudnn_cu12-9.10.2.21-py3-none-manylinux_2_27_aarch64.whl.metadata (1.8 kB)
Collecting nvidia-cufft-cu12==11.3.3.83 (from -r requirements.txt (line 41))
  Downloading nvidia_cufft_cu12-11.3.3.83-py3-none-manylinux2014_aarch64.manylinux_2_17_aarch64.whl.metadata (1.7 kB)
Collecting nvidia-cufile-cu12==1.13.1.3 (from -r requirements.txt (line 42))
  Downloading nvidia_cufile_cu12-1.13.1.3-py3-none-manylinux_2_27_aarch64.whl.metadata (1.7 kB)
Collecting nvidia-curand-cu12==10.3.9.90 (from -r requirements.txt (line 43))
  Downloading nvidia_curand_cu12-10.3.9.90-py3-none-manylinux_2_27_aarch64.whl.metadata (1.7 kB)
Collecting nvidia-cusolver-cu12==11.7.3.90 (from -r requirements.txt (line 44))
  Downloading nvidia_cusolver_cu12-11.7.3.90-py3-none-manylinux_2_27_aarch64.whl.metadata (1.8 kB)
Collecting nvidia-cusparse-cu12==12.5.8.93 (from -r requirements.txt (line 45))
  Downloading nvidia_cusparse_cu12-12.5.8.93-py3-none-manylinux2014_aarch64.manylinux_2_17_aarch64.whl.metadata (1.8 kB)
Collecting nvidia-cusparselt-cu12==0.7.1 (from -r requirements.txt (line 46))
  Downloading nvidia_cusparselt_cu12-0.7.1-py3-none-manylinux2014_aarch64.whl.metadata (7.0 kB)
Collecting nvidia-nccl-cu12==2.27.5 (from -r requirements.txt (line 47))
  Downloading nvidia_nccl_cu12-2.27.5-py3-none-manylinux2014_aarch64.manylinux_2_17_aarch64.whl.metadata (2.0 kB)
Collecting nvidia-nvjitlink-cu12==12.8.93 (from -r requirements.txt (line 48))
  Downloading nvidia_nvjitlink_cu12-12.8.93-py3-none-manylinux2014_aarch64.manylinux_2_17_aarch64.whl.metadata (1.7 kB)
Collecting nvidia-nvshmem-cu12==3.4.5 (from -r requirements.txt (line 49))
  Downloading nvidia_nvshmem_cu12-3.4.5-py3-none-manylinux2014_aarch64.manylinux_2_17_aarch64.whl.metadata (2.1 kB)
Collecting nvidia-nvtx-cu12==12.8.90 (from -r requirements.txt (line 50))
  Downloading nvidia_nvtx_cu12-12.8.90-py3-none-manylinux2014_aarch64.manylinux_2_17_aarch64.whl.metadata (1.8 kB)
Collecting opencv-python==4.13.0.92 (from -r requirements.txt (line 51))
  Downloading opencv_python-4.13.0.92-cp37-abi3-manylinux_2_28_aarch64.whl.metadata (19 kB)
Collecting packaging==26.0 (from -r requirements.txt (line 52))
  Downloading packaging-26.0-py3-none-any.whl.metadata (3.3 kB)
Collecting pandas==3.0.0 (from -r requirements.txt (line 53))
  Downloading pandas-3.0.0-cp311-cp311-manylinux_2_24_aarch64.manylinux_2_28_aarch64.whl.metadata (79 kB)
Collecting pillow==12.1.0 (from -r requirements.txt (line 54))
  Downloading pillow-12.1.0-cp311-cp311-manylinux_2_27_aarch64.manylinux_2_28_aarch64.whl.metadata (8.8 kB)
Collecting platformdirs==4.9.1 (from -r requirements.txt (line 55))
  Downloading platformdirs-4.9.1-py3-none-any.whl.metadata (4.7 kB)
Collecting propcache==0.4.1 (from -r requirements.txt (line 56))
  Downloading propcache-0.4.1-cp311-cp311-manylinux2014_aarch64.manylinux_2_17_aarch64.manylinux_2_28_aarch64.whl.metadata (13 kB)
Collecting protobuf==6.33.5 (from -r requirements.txt (line 57))
  Downloading protobuf-6.33.5-cp39-abi3-manylinux2014_aarch64.whl.metadata (593 bytes)
Collecting psutil==7.2.2 (from -r requirements.txt (line 58))
  Downloading psutil-7.2.2-cp36-abi3-manylinux2014_aarch64.manylinux_2_17_aarch64.manylinux_2_28_aarch64.whl.metadata (22 kB)
Collecting pyarrow==23.0.0 (from -r requirements.txt (line 59))
  Downloading pyarrow-23.0.0-cp311-cp311-manylinux_2_28_aarch64.whl.metadata (3.0 kB)
Collecting pydantic==2.12.5 (from -r requirements.txt (line 60))
  Downloading pydantic-2.12.5-py3-none-any.whl.metadata (90 kB)
Collecting pydantic_core==2.41.5 (from -r requirements.txt (line 61))
  Downloading pydantic_core-2.41.5-cp311-cp311-manylinux_2_17_aarch64.manylinux2014_aarch64.whl.metadata (7.3 kB)
Collecting python-dateutil==2.9.0.post0 (from -r requirements.txt (line 62))
  Downloading python_dateutil-2.9.0.post0-py2.py3-none-any.whl.metadata (8.4 kB)
Collecting PyYAML==6.0.3 (from -r requirements.txt (line 63))
  Downloading pyyaml-6.0.3-cp311-cp311-manylinux2014_aarch64.manylinux_2_17_aarch64.manylinux_2_28_aarch64.whl.metadata (2.4 kB)
Collecting regex==2026.1.15 (from -r requirements.txt (line 64))
  Downloading regex-2026.1.15-cp311-cp311-manylinux2014_aarch64.manylinux_2_17_aarch64.manylinux_2_28_aarch64.whl.metadata (40 kB)
Collecting requests==2.32.5 (from -r requirements.txt (line 65))
  Downloading requests-2.32.5-py3-none-any.whl.metadata (4.9 kB)
Collecting safetensors==0.7.0 (from -r requirements.txt (line 66))
  Downloading safetensors-0.7.0-cp38-abi3-manylinux_2_17_aarch64.manylinux2014_aarch64.whl.metadata (4.1 kB)
Collecting scipy==1.17.0 (from -r requirements.txt (line 67))
  Downloading scipy-1.17.0-cp311-cp311-manylinux_2_27_aarch64.manylinux_2_28_aarch64.whl.metadata (62 kB)
Collecting sentry-sdk==2.52.0 (from -r requirements.txt (line 68))
  Downloading sentry_sdk-2.52.0-py2.py3-none-any.whl.metadata (10 kB)
Collecting setuptools==82.0.0 (from -r requirements.txt (line 69))
  Downloading setuptools-82.0.0-py3-none-any.whl.metadata (6.6 kB)
Collecting shellingham==1.5.4 (from -r requirements.txt (line 70))
  Downloading shellingham-1.5.4-py2.py3-none-any.whl.metadata (3.5 kB)
Collecting six==1.17.0 (from -r requirements.txt (line 71))
  Downloading six-1.17.0-py2.py3-none-any.whl.metadata (1.7 kB)
Collecting smmap==5.0.2 (from -r requirements.txt (line 72))
  Downloading smmap-5.0.2-py3-none-any.whl.metadata (4.3 kB)
Collecting sympy==1.14.0 (from -r requirements.txt (line 73))
  Downloading sympy-1.14.0-py3-none-any.whl.metadata (12 kB)
Collecting timm==1.0.24 (from -r requirements.txt (line 74))
  Downloading timm-1.0.24-py3-none-any.whl.metadata (38 kB)
Collecting pytorch-fid (from -r requirements.txt (line 75))
  Downloading pytorch_fid-0.3.0-py3-none-any.whl.metadata (5.3 kB)
Collecting torch==2.10.0 (from -r requirements.txt (line 76))
  Downloading torch-2.10.0-cp311-cp311-manylinux_2_28_aarch64.whl.metadata (31 kB)
Collecting torch-fidelity==0.3.0 (from -r requirements.txt (line 77))
  Downloading torch_fidelity-0.3.0-py3-none-any.whl.metadata (2.0 kB)
Collecting torchvision==0.25.0 (from -r requirements.txt (line 78))
  Downloading torchvision-0.25.0-cp311-cp311-manylinux_2_28_aarch64.whl.metadata (5.4 kB)
Collecting tqdm==4.67.3 (from -r requirements.txt (line 79))
  Downloading tqdm-4.67.3-py3-none-any.whl.metadata (57 kB)
Collecting triton==3.6.0 (from -r requirements.txt (line 80))
  Downloading triton-3.6.0-cp311-cp311-manylinux_2_27_aarch64.manylinux_2_28_aarch64.whl.metadata (1.7 kB)
Collecting typer-slim==0.21.1 (from -r requirements.txt (line 81))
  Downloading typer_slim-0.21.1-py3-none-any.whl.metadata (16 kB)
Collecting typing-inspection==0.4.2 (from -r requirements.txt (line 82))
  Downloading typing_inspection-0.4.2-py3-none-any.whl.metadata (2.6 kB)
Collecting typing_extensions==4.15.0 (from -r requirements.txt (line 83))
  Downloading typing_extensions-4.15.0-py3-none-any.whl.metadata (3.3 kB)
Collecting urllib3==2.6.3 (from -r requirements.txt (line 84))
  Downloading urllib3-2.6.3-py3-none-any.whl.metadata (6.9 kB)
Collecting wandb==0.25.0 (from -r requirements.txt (line 85))
  Downloading wandb-0.25.0-py3-none-manylinux_2_28_aarch64.whl.metadata (12 kB)
Collecting xxhash==3.6.0 (from -r requirements.txt (line 86))
  Downloading xxhash-3.6.0-cp311-cp311-manylinux2014_aarch64.manylinux_2_17_aarch64.manylinux_2_28_aarch64.whl.metadata (13 kB)
Collecting yarl==1.22.0 (from -r requirements.txt (line 87))
  Downloading yarl-1.22.0-cp311-cp311-manylinux2014_aarch64.manylinux_2_17_aarch64.manylinux_2_28_aarch64.whl.metadata (75 kB)
Collecting zipp==3.23.0 (from -r requirements.txt (line 88))
  Downloading zipp-3.23.0-py3-none-any.whl.metadata (3.6 kB)
Downloading accelerate-1.12.0-py3-none-any.whl (380 kB)
Downloading aiohappyeyeballs-2.6.1-py3-none-any.whl (15 kB)
Downloading aiohttp-3.13.3-cp311-cp311-manylinux2014_aarch64.manylinux_2_17_aarch64.manylinux_2_28_aarch64.whl (1.7 MB)
Downloading multidict-6.7.1-cp311-cp311-manylinux2014_aarch64.manylinux_2_17_aarch64.manylinux_2_28_aarch64.whl (246 kB)
Downloading yarl-1.22.0-cp311-cp311-manylinux2014_aarch64.manylinux_2_17_aarch64.manylinux_2_28_aarch64.whl (368 kB)
Downloading aiosignal-1.4.0-py3-none-any.whl (7.5 kB)
Downloading annotated_types-0.7.0-py3-none-any.whl (13 kB)
Downloading anyio-4.12.1-py3-none-any.whl (113 kB)
Downloading attrs-25.4.0-py3-none-any.whl (67 kB)
Downloading certifi-2026.1.4-py3-none-any.whl (152 kB)
Downloading charset_normalizer-3.4.4-cp311-cp311-manylinux2014_aarch64.manylinux_2_17_aarch64.manylinux_2_28_aarch64.whl (147 kB)
Downloading click-8.3.1-py3-none-any.whl (108 kB)
Downloading cuda_bindings-12.9.4-cp311-cp311-manylinux_2_24_aarch64.manylinux_2_28_aarch64.whl (11.8 MB)
Downloading cuda_pathfinder-1.3.3-py3-none-any.whl (27 kB)
Downloading datasets-4.5.0-py3-none-any.whl (515 kB)
Downloading dill-0.4.0-py3-none-any.whl (119 kB)
Downloading fsspec-2025.10.0-py3-none-any.whl (200 kB)
Downloading httpx-0.28.1-py3-none-any.whl (73 kB)
Downloading httpcore-1.0.9-py3-none-any.whl (78 kB)
Downloading huggingface_hub-1.4.1-py3-none-any.whl (553 kB)
Downloading hf_xet-1.2.0-cp37-abi3-manylinux_2_28_aarch64.whl (3.2 MB)
Downloading multiprocess-0.70.18-py311-none-any.whl (144 kB)
Downloading diffusers-0.36.0-py3-none-any.whl (4.6 MB)
Downloading einops-0.8.2-py3-none-any.whl (65 kB)
Downloading filelock-3.20.3-py3-none-any.whl (16 kB)
Downloading frozenlist-1.8.0-cp311-cp311-manylinux2014_aarch64.manylinux_2_17_aarch64.manylinux_2_28_aarch64.whl (233 kB)
Downloading gitdb-4.0.12-py3-none-any.whl (62 kB)
Downloading smmap-5.0.2-py3-none-any.whl (24 kB)
Downloading gitpython-3.1.46-py3-none-any.whl (208 kB)
Downloading h11-0.16.0-py3-none-any.whl (37 kB)
Downloading idna-3.11-py3-none-any.whl (71 kB)
Downloading importlib_metadata-8.7.1-py3-none-any.whl (27 kB)
Downloading jinja2-3.1.6-py3-none-any.whl (134 kB)
Downloading markupsafe-3.0.3-cp311-cp311-manylinux2014_aarch64.manylinux_2_17_aarch64.manylinux_2_28_aarch64.whl (24 kB)
Downloading mpmath-1.3.0-py3-none-any.whl (536 kB)
Downloading networkx-3.6.1-py3-none-any.whl (2.1 MB)
Downloading numpy-2.4.2-cp311-cp311-manylinux_2_27_aarch64.manylinux_2_28_aarch64.whl (16.0 MB)
Downloading nvidia_cublas_cu12-12.8.4.1-py3-none-manylinux_2_27_aarch64.whl (590.5 MB)
Downloading nvidia_cuda_cupti_cu12-12.8.90-py3-none-manylinux2014_aarch64.manylinux_2_17_aarch64.whl (9.5 MB)
Downloading nvidia_cuda_nvrtc_cu12-12.8.93-py3-none-manylinux2014_aarch64.manylinux_2_17_aarch64.whl (43.1 MB)
Downloading nvidia_cuda_runtime_cu12-12.8.90-py3-none-manylinux2014_aarch64.manylinux_2_17_aarch64.whl (965 kB)
Downloading nvidia_cudnn_cu12-9.10.2.21-py3-none-manylinux_2_27_aarch64.whl (705.0 MB)
Downloading nvidia_cufft_cu12-11.3.3.83-py3-none-manylinux2014_aarch64.manylinux_2_17_aarch64.whl (193.1 MB)
Downloading nvidia_cufile_cu12-1.13.1.3-py3-none-manylinux_2_27_aarch64.whl (1.1 MB)
Downloading nvidia_curand_cu12-10.3.9.90-py3-none-manylinux_2_27_aarch64.whl (63.6 MB)
Downloading nvidia_cusolver_cu12-11.7.3.90-py3-none-manylinux_2_27_aarch64.whl (267.2 MB)
Downloading nvidia_cusparse_cu12-12.5.8.93-py3-none-manylinux2014_aarch64.manylinux_2_17_aarch64.whl (288.1 MB)
Downloading nvidia_cusparselt_cu12-0.7.1-py3-none-manylinux2014_aarch64.whl (283.8 MB)
Downloading nvidia_nccl_cu12-2.27.5-py3-none-manylinux2014_aarch64.manylinux_2_17_aarch64.whl (322.4 MB)
Downloading nvidia_nvjitlink_cu12-12.8.93-py3-none-manylinux2014_aarch64.manylinux_2_17_aarch64.whl (38.4 MB)
Downloading nvidia_nvshmem_cu12-3.4.5-py3-none-manylinux2014_aarch64.manylinux_2_17_aarch64.whl (138.9 MB)
Downloading nvidia_nvtx_cu12-12.8.90-py3-none-manylinux2014_aarch64.manylinux_2_17_aarch64.whl (91 kB)
Downloading opencv_python-4.13.0.92-cp37-abi3-manylinux_2_28_aarch64.whl (46.7 MB)
Downloading packaging-26.0-py3-none-any.whl (74 kB)
Downloading pandas-3.0.0-cp311-cp311-manylinux_2_24_aarch64.manylinux_2_28_aarch64.whl (10.7 MB)
Downloading pillow-12.1.0-cp311-cp311-manylinux_2_27_aarch64.manylinux_2_28_aarch64.whl (6.3 MB)
Downloading platformdirs-4.9.1-py3-none-any.whl (21 kB)
Downloading propcache-0.4.1-cp311-cp311-manylinux2014_aarch64.manylinux_2_17_aarch64.manylinux_2_28_aarch64.whl (214 kB)
Downloading protobuf-6.33.5-cp39-abi3-manylinux2014_aarch64.whl (324 kB)
Downloading psutil-7.2.2-cp36-abi3-manylinux2014_aarch64.manylinux_2_17_aarch64.manylinux_2_28_aarch64.whl (156 kB)
Downloading pyarrow-23.0.0-cp311-cp311-manylinux_2_28_aarch64.whl (44.5 MB)
Downloading pydantic-2.12.5-py3-none-any.whl (463 kB)
Downloading pydantic_core-2.41.5-cp311-cp311-manylinux_2_17_aarch64.manylinux2014_aarch64.whl (1.9 MB)
Downloading python_dateutil-2.9.0.post0-py2.py3-none-any.whl (229 kB)
Downloading pyyaml-6.0.3-cp311-cp311-manylinux2014_aarch64.manylinux_2_17_aarch64.manylinux_2_28_aarch64.whl (775 kB)
Downloading regex-2026.1.15-cp311-cp311-manylinux2014_aarch64.manylinux_2_17_aarch64.manylinux_2_28_aarch64.whl (793 kB)
Downloading requests-2.32.5-py3-none-any.whl (64 kB)
Downloading urllib3-2.6.3-py3-none-any.whl (131 kB)
Downloading safetensors-0.7.0-cp38-abi3-manylinux_2_17_aarch64.manylinux2014_aarch64.whl (491 kB)
Downloading scipy-1.17.0-cp311-cp311-manylinux_2_27_aarch64.manylinux_2_28_aarch64.whl (32.9 MB)
Downloading sentry_sdk-2.52.0-py2.py3-none-any.whl (435 kB)
Downloading setuptools-82.0.0-py3-none-any.whl (1.0 MB)
Downloading shellingham-1.5.4-py2.py3-none-any.whl (9.8 kB)
Downloading six-1.17.0-py2.py3-none-any.whl (11 kB)
Downloading sympy-1.14.0-py3-none-any.whl (6.3 MB)
Downloading timm-1.0.24-py3-none-any.whl (2.6 MB)
Downloading torch-2.10.0-cp311-cp311-manylinux_2_28_aarch64.whl (146.0 MB)
Downloading torch_fidelity-0.3.0-py3-none-any.whl (37 kB)
Downloading torchvision-0.25.0-cp311-cp311-manylinux_2_28_aarch64.whl (2.3 MB)
Downloading tqdm-4.67.3-py3-none-any.whl (78 kB)
Downloading triton-3.6.0-cp311-cp311-manylinux_2_27_aarch64.manylinux_2_28_aarch64.whl (176.1 MB)
Downloading typer_slim-0.21.1-py3-none-any.whl (47 kB)
Downloading typing_inspection-0.4.2-py3-none-any.whl (14 kB)
Downloading typing_extensions-4.15.0-py3-none-any.whl (44 kB)
Downloading wandb-0.25.0-py3-none-manylinux_2_28_aarch64.whl (22.8 MB)
Downloading xxhash-3.6.0-cp311-cp311-manylinux2014_aarch64.manylinux_2_17_aarch64.manylinux_2_28_aarch64.whl (213 kB)
Downloading zipp-3.23.0-py3-none-any.whl (10 kB)
Downloading pytorch_fid-0.3.0-py3-none-any.whl (15 kB)
Installing collected packages: nvidia-cusparselt-cu12, mpmath, zipp, xxhash, urllib3, typing_extensions, triton, tqdm, sympy, smmap, six, shellingham, setuptools, safetensors, regex, PyYAML, pyarrow, psutil, protobuf, propcache, platformdirs, pillow, packaging, nvidia-nvtx-cu12, nvidia-nvshmem-cu12, nvidia-nvjitlink-cu12, nvidia-nccl-cu12, nvidia-curand-cu12, nvidia-cufile-cu12, nvidia-cuda-runtime-cu12, nvidia-cuda-nvrtc-cu12, nvidia-cuda-cupti-cu12, nvidia-cublas-cu12, numpy, networkx, multidict, MarkupSafe, idna, hf-xet, h11, fsspec, frozenlist, filelock, einops, dill, cuda-pathfinder, click, charset-normalizer, certifi, attrs, annotated-types, aiohappyeyeballs, yarl, typing-inspection, typer-slim, sentry-sdk, scipy, requests, python-dateutil, pydantic_core, opencv-python, nvidia-cusparse-cu12, nvidia-cufft-cu12, nvidia-cudnn-cu12, multiprocess, Jinja2, importlib_metadata, httpcore, gitdb, cuda-bindings, anyio, aiosignal, torch, pydantic, pandas, nvidia-cusolver-cu12, httpx, GitPython, aiohttp, wandb, torchvision, huggingface_hub, torch-fidelity, timm, pytorch-fid, diffusers, datasets, accelerate
  Attempting uninstall: setuptools
    Found existing installation: setuptools 65.5.0
    Uninstalling setuptools-65.5.0:
      Successfully uninstalled setuptools-65.5.0
Successfully installed GitPython-3.1.46 Jinja2-3.1.6 MarkupSafe-3.0.3 PyYAML-6.0.3 accelerate-1.12.0 aiohappyeyeballs-2.6.1 aiohttp-3.13.3 aiosignal-1.4.0 annotated-types-0.7.0 anyio-4.12.1 attrs-25.4.0 certifi-2026.1.4 charset-normalizer-3.4.4 click-8.3.1 cuda-bindings-12.9.4 cuda-pathfinder-1.3.3 datasets-4.5.0 diffusers-0.36.0 dill-0.4.0 einops-0.8.2 filelock-3.20.3 frozenlist-1.8.0 fsspec-2025.10.0 gitdb-4.0.12 h11-0.16.0 hf-xet-1.2.0 httpcore-1.0.9 httpx-0.28.1 huggingface_hub-1.4.1 idna-3.11 importlib_metadata-8.7.1 mpmath-1.3.0 multidict-6.7.1 multiprocess-0.70.18 networkx-3.6.1 numpy-2.4.2 nvidia-cublas-cu12-12.8.4.1 nvidia-cuda-cupti-cu12-12.8.90 nvidia-cuda-nvrtc-cu12-12.8.93 nvidia-cuda-runtime-cu12-12.8.90 nvidia-cudnn-cu12-9.10.2.21 nvidia-cufft-cu12-11.3.3.83 nvidia-cufile-cu12-1.13.1.3 nvidia-curand-cu12-10.3.9.90 nvidia-cusolver-cu12-11.7.3.90 nvidia-cusparse-cu12-12.5.8.93 nvidia-cusparselt-cu12-0.7.1 nvidia-nccl-cu12-2.27.5 nvidia-nvjitlink-cu12-12.8.93 nvidia-nvshmem-cu12-3.4.5 nvidia-nvtx-cu12-12.8.90 opencv-python-4.13.0.92 packaging-26.0 pandas-3.0.0 pillow-12.1.0 platformdirs-4.9.1 propcache-0.4.1 protobuf-6.33.5 psutil-7.2.2 pyarrow-23.0.0 pydantic-2.12.5 pydantic_core-2.41.5 python-dateutil-2.9.0.post0 pytorch-fid-0.3.0 regex-2026.1.15 requests-2.32.5 safetensors-0.7.0 scipy-1.17.0 sentry-sdk-2.52.0 setuptools-82.0.0 shellingham-1.5.4 six-1.17.0 smmap-5.0.2 sympy-1.14.0 timm-1.0.24 torch-2.10.0 torch-fidelity-0.3.0 torchvision-0.25.0 tqdm-4.67.3 triton-3.6.0 typer-slim-0.21.1 typing-inspection-0.4.2 typing_extensions-4.15.0 urllib3-2.6.3 wandb-0.25.0 xxhash-3.6.0 yarl-1.22.0 zipp-3.23.0
