[jit_eval_galoiz] host=gh017.hsn.cm.delta.internal.ncsa.edu NPROC=4 NUM_IMAGES=50000 OUTPUT_DIR=/u/galoiz/DiffusionFusion-independent-backup/artifacts/eval_stage2_testd
[eval_galoiz] NPROC=4 NUM_IMAGES=50000 GEN_BSZ=64 CFG=2.9 interval=[0.1,1.0]
[eval_galoiz] RESUME_DIR=/work/nvme/bgnp/msalunkhe/outputs/jit_dual_struct_cfg_mask_80ep
[eval_galoiz] OUTPUT_DIR=/u/galoiz/DiffusionFusion-independent-backup/artifacts/eval_stage2_testd
| distributed init (rank 3): env://, gpu 3
| distributed timeout: 7200s
| distributed init (rank 1): env://, gpu 1
| distributed timeout: 7200s
| distributed init (rank 2): env://, gpu 2
| distributed timeout: 7200s
| distributed init (rank 0): env://, gpu 0
| distributed timeout: 7200s
[00:16:46.846520] Job directory: /u/galoiz/DiffusionFusion-independent-backup/JiT
[00:16:46.846905] Arguments:
Namespace(model='JiT-Dual-B/2-4C-896',
latent_size=32,
dino_patches=16,
attn_dropout=0.0,
proj_dropout=0.0,
decoder_checkpoint='/work/nvme/bgnp/msalunkhe/outputs/jit_decoder_small_gan_lower_noise/checkpoint-last.pth',
decoder_checkpoint_key='model_ema',
dino_hidden_size=768,
epochs=200,
warmup_epochs=5,
batch_size=128,
accum_iter=1,
lr=None,
blr=5e-05,
min_lr=1e-05,
lr_schedule='cosine',
weight_decay=0.0,
ema_decay1=0.9999,
ema_decay2=0.9996,
P_mean=-0.8,
P_std=0.8,
noise_scale=1.0,
t_eps=0.05,
inference_t_eps=1e-05,
dino_time_shift=0.0,
label_drop_prob=0.1,
latent_loss_weight=1.0,
dino_loss_weight=1.0,
seed=0,
start_epoch=0,
pin_mem=True,
ram_shard_prefetch=True,
cuda_prefetch=True,
ddp_bucket_cap_mb=100,
ddp_broadcast_buffers=False,
ddp_gradient_as_bucket_view=True,
ddp_static_graph=True,
ddp_find_unused_parameters=False,
compile_model=True,
sampling_method='heun',
num_sampling_steps=50,
cfg=2.9,
interval_min=0.1,
interval_max=1.0,
num_images=50000,
eval_freq=40,
online_eval=False,
evaluate_gen=True,
gen_bsz=64,
fid_stats_path='/u/galoiz/DiffusionFusion-independent-backup/JiT/fid_stats/jit_in256_stats.npz',
data_path='/work/hdd/bgnp/msalunkhe/data/imagenet/',
class_num=1000,
dino_dir_name='imagenet256_dinov3_features',
latent_dir_name='imagenet256_latents',
streams_config=None,
output_dir='/u/galoiz/DiffusionFusion-independent-backup/artifacts/eval_stage2_testd',
resume='/work/nvme/bgnp/msalunkhe/outputs/jit_dual_struct_cfg_mask_80ep',
save_last_freq=5,
log_freq=5,
use_wandb=True,
wandb_project='jit',
wandb_entity=None,
wandb_run_name=None,
wandb_mode='offline',
wandb_eval_image_interval=10,
eval_save_workers=4,
device='cuda',
world_size=4,
local_rank=-1,
dist_on_itp=False,
dist_url='env://',
dist_timeout_sec=7200,
rank=0,
gpu=0,
distributed=True,
dist_backend='nccl')
[00:16:48.290302] Stream specs: ['latent(role=image_side, ch=4, sp=32, p=2)', 'dino(role=semantic, ch=768, sp=16, p=1)']
[00:17:20.358310] RAM shard loading enabled using 118 logical shards from imagenet256_dinov3_features.
[00:17:20.359445] Approx max per-rank shard working set: 16.33 GiB.
[00:17:20.359734] RAM shard prefetch enabled: peak per-rank working set can temporarily reach about 32.66 GiB while the next shard is staged.
[00:17:20.359945] Epoch 0 steps per rank: 2474 (samples/rank=316672, dropped_tail_per_rank=[66, 7174, 7174, 66]).
[00:17:20.360266] Gradient accumulation: 1 micro-batches/update -> 2474 optimizer updates per rank in epoch 0.
[00:17:22.239004] Model = Denoiser(
  (net): JiTMultiStream(
    (t_embedder): TimestepEmbedder(
      (mlp): Sequential(
        (0): Linear(in_features=256, out_features=896, bias=True)
        (1): SiLU()
        (2): Linear(in_features=896, out_features=896, bias=True)
      )
    )
    (y_embedder): LabelEmbedder(
      (embedding_table): Embedding(1001, 896)
    )
    (embedders): ModuleDict(
      (latent): BottleneckPatchEmbed(
        (proj1): Conv2d(4, 128, kernel_size=(2, 2), stride=(2, 2), bias=False)
        (proj2): Conv2d(128, 896, kernel_size=(1, 1), stride=(1, 1))
      )
      (dino): Linear(in_features=768, out_features=896, bias=True)
    )
    (in_context_posemb): ParameterDict(
        (dino): Parameter containing: [torch.FloatTensor of size 1x32x896]
        (latent): Parameter containing: [torch.FloatTensor of size 1x32x896]
    )
    (feat_rope): VisionRotaryEmbeddingFast()
    (stream_blocks): ModuleDict(
      (latent): ModuleList(
        (0-11): 12 x DualStreamLocalBlock(
          (norm1): RMSNorm()
          (attn): StreamAttention(
            (q_norm): RMSNorm()
            (k_norm): RMSNorm()
            (qkv): Linear(in_features=896, out_features=2688, bias=True)
            (attn_drop): Dropout(p=0.0, inplace=False)
            (proj): Linear(in_features=896, out_features=896, bias=True)
            (proj_drop): Dropout(p=0.0, inplace=False)
          )
          (norm2): RMSNorm()
          (mlp): SwiGLUFFN(
            (w12): Linear(in_features=896, out_features=4778, bias=True)
            (w3): Linear(in_features=2389, out_features=896, bias=True)
            (ffn_dropout): Dropout(p=0.0, inplace=False)
          )
          (adaLN_modulation): Sequential(
            (0): SiLU()
            (1): Linear(in_features=896, out_features=5376, bias=True)
          )
        )
      )
      (dino): ModuleList(
        (0-11): 12 x DualStreamLocalBlock(
          (norm1): RMSNorm()
          (attn): StreamAttention(
            (q_norm): RMSNorm()
            (k_norm): RMSNorm()
            (qkv): Linear(in_features=896, out_features=2688, bias=True)
            (attn_drop): Dropout(p=0.0, inplace=False)
            (proj): Linear(in_features=896, out_features=896, bias=True)
            (proj_drop): Dropout(p=0.0, inplace=False)
          )
          (norm2): RMSNorm()
          (mlp): SwiGLUFFN(
            (w12): Linear(in_features=896, out_features=4778, bias=True)
            (w3): Linear(in_features=2389, out_features=896, bias=True)
            (ffn_dropout): Dropout(p=0.0, inplace=False)
          )
          (adaLN_modulation): Sequential(
            (0): SiLU()
            (1): Linear(in_features=896, out_features=5376, bias=True)
          )
        )
      )
    )
    (cross_fusion): ModuleDict(
      (4): PairwiseCrossFusion(
        (directions): ModuleDict(
          (latent->dino): CrossFusionDirection(
            (query_norm): RMSNorm()
            (context_norm): RMSNorm()
            (cross_attn): CrossStreamAttention(
              (q_norm): RMSNorm()
              (k_norm): RMSNorm()
              (q_proj): Linear(in_features=896, out_features=896, bias=True)
              (kv_proj): Linear(in_features=896, out_features=1792, bias=True)
              (attn_drop): Dropout(p=0.0, inplace=False)
              (proj): Linear(in_features=896, out_features=896, bias=True)
              (proj_drop): Dropout(p=0.0, inplace=False)
            )
            (adaLN_modulation): Sequential(
              (0): SiLU()
              (1): Linear(in_features=896, out_features=2688, bias=True)
            )
          )
          (dino->latent): CrossFusionDirection(
            (query_norm): RMSNorm()
            (context_norm): RMSNorm()
            (cross_attn): CrossStreamAttention(
              (q_norm): RMSNorm()
              (k_norm): RMSNorm()
              (q_proj): Linear(in_features=896, out_features=896, bias=True)
              (kv_proj): Linear(in_features=896, out_features=1792, bias=True)
              (attn_drop): Dropout(p=0.0, inplace=False)
              (proj): Linear(in_features=896, out_features=896, bias=True)
              (proj_drop): Dropout(p=0.0, inplace=False)
            )
            (adaLN_modulation): Sequential(
              (0): SiLU()
              (1): Linear(in_features=896, out_features=2688, bias=True)
            )
          )
        )
      )
      (8): PairwiseCrossFusion(
        (directions): ModuleDict(
          (latent->dino): CrossFusionDirection(
            (query_norm): RMSNorm()
            (context_norm): RMSNorm()
            (cross_attn): CrossStreamAttention(
              (q_norm): RMSNorm()
              (k_norm): RMSNorm()
              (q_proj): Linear(in_features=896, out_features=896, bias=True)
              (kv_proj): Linear(in_features=896, out_features=1792, bias=True)
              (attn_drop): Dropout(p=0.0, inplace=False)
              (proj): Linear(in_features=896, out_features=896, bias=True)
              (proj_drop): Dropout(p=0.0, inplace=False)
            )
            (adaLN_modulation): Sequential(
              (0): SiLU()
              (1): Linear(in_features=896, out_features=2688, bias=True)
            )
          )
          (dino->latent): CrossFusionDirection(
            (query_norm): RMSNorm()
            (context_norm): RMSNorm()
            (cross_attn): CrossStreamAttention(
              (q_norm): RMSNorm()
              (k_norm): RMSNorm()
              (q_proj): Linear(in_features=896, out_features=896, bias=True)
              (kv_proj): Linear(in_features=896, out_features=1792, bias=True)
              (attn_drop): Dropout(p=0.0, inplace=False)
              (proj): Linear(in_features=896, out_features=896, bias=True)
              (proj_drop): Dropout(p=0.0, inplace=False)
            )
            (adaLN_modulation): Sequential(
              (0): SiLU()
              (1): Linear(in_features=896, out_features=2688, bias=True)
            )
          )
        )
      )
    )
    (final_layers): ModuleDict(
      (latent): FinalLayer(
        (norm_final): RMSNorm()
        (linear): Linear(in_features=896, out_features=16, bias=True)
        (adaLN_modulation): Sequential(
          (0): SiLU()
          (1): Linear(in_features=896, out_features=1792, bias=True)
        )
      )
      (dino): DinoFinalLayer(
        (norm_final): RMSNorm()
        (linear): Linear(in_features=896, out_features=768, bias=True)
        (adaLN_modulation): Sequential(
          (0): SiLU()
          (1): Linear(in_features=896, out_features=1792, bias=True)
        )
      )
    )
  )
)
[00:17:22.242115] Number of trainable parameters: 376.418240M
[00:17:27.647978] Rank 0: loaded decoder from /work/nvme/bgnp/msalunkhe/outputs/jit_decoder_small_gan_lower_noise/checkpoint-last.pth
[00:17:27.648603] Base lr: 5.00e-05
[00:17:27.648773] Actual lr: 1.00e-04
[00:17:27.648939] Gradient accumulation steps: 1
[00:17:27.649097] Effective batch size: 512
[00:17:27.760349] torch.compile enabled; the first optimizer step may spend several minutes compiling before normal training logs appear.
[00:17:29.424872] AdamW (
Parameter Group 0
    amsgrad: False
    betas: (0.9, 0.95)
    capturable: False
    decoupled_weight_decay: True
    differentiable: False
    eps: 1e-08
    foreach: None
    fused: None
    lr: 0.0001
    maximize: False
    weight_decay: 0.0

Parameter Group 1
    amsgrad: False
    betas: (0.9, 0.95)
    capturable: False
    decoupled_weight_decay: True
    differentiable: False
    eps: 1e-08
    foreach: None
    fused: None
    lr: 0.0001
    maximize: False
    weight_decay: 0.0
)
[00:17:31.146268] Detected dual-stream model checkpoint; applying remap_dual_to_multistream.
[00:17:31.147671] Detected dual-stream model_ema1 checkpoint; applying remap_dual_to_multistream.
[00:17:31.148338] Detected dual-stream model_ema2 checkpoint; applying remap_dual_to_multistream.
[00:17:31.287021] Resumed checkpoint from /work/nvme/bgnp/msalunkhe/outputs/jit_dual_struct_cfg_mask_80ep
[00:17:31.418223] Loaded optimizer state
[00:17:31.421613] Evaluating checkpoint at 80 epoch
[00:17:31.423746] Start evaluation at epoch 80
[00:17:31.425979] Save to: /u/galoiz/DiffusionFusion-independent-backup/artifacts/eval_stage2_testd/heun-steps50-cfg2.9-interval0.1-1.0-image50000-res32
[00:17:31.429736] Switch to ema
[00:17:31.432386] Generation step 0/196
